// Jest Snapshot v1, https://goo.gl/fbAQLP

exports[`Note component renders a Note by default 1`] = `
<div
  className="note"
>
  <NoteItem
    note={
      Object {
        "folderId": 101,
        "id": 1,
        "modified": 2019-09-30T04:00:00.000Z,
        "title": "test-note-title",
      }
    }
  />
  <p
    className="note-content"
  />
</div>
`;

exports[`Note component renders the Note given props 1`] = `
<div
  className="note"
>
  <NoteItem
    note={
      Object {
        "folderId": 101,
        "id": 1,
        "modified": 2019-09-30T04:00:00.000Z,
        "title": "test-note-title",
      }
    }
  />
  <p
    className="note-content"
  />
</div>
`;
